src/components/CreditConfirmationModal.tsx(24,25): error TS1109: Expression expected.
src/components/CreditConfirmationModal.tsx(31,21): error TS1128: Declaration or statement expected.
src/components/CreditConfirmationModal.tsx(32,17): error TS1109: Expression expected.
src/components/CreditConfirmationModal.tsx(35,11): error TS1005: ';' expected.
src/components/CreditConfirmationModal.tsx(36,21): error TS2657: JSX expressions must have one parent element.
src/components/CreditConfirmationModal.tsx(49,17): error TS1128: Declaration or statement expected.
src/components/CreditConfirmationModal.tsx(51,6): error TS1136: Property assignment expected.
src/components/CreditConfirmationModal.tsx(51,7): error TS1005: ';' expected.
src/components/CreditConfirmationModal.tsx(55,6): error TS1128: Declaration or statement expected.
src/components/CreditConfirmationModal.tsx(56,13): error TS1128: Declaration or statement expected.
src/components/CreditConfirmationModal.tsx(57,9): error TS1109: Expression expected.
src/components/CreditConfirmationModal.tsx(58,5): error TS1109: Expression expected.
src/components/CreditConfirmationModal.tsx(59,1): error TS1128: Declaration or statement expected.
